nand_cmd.c:18:13:led_set_gpio_high.isra.0	0	static
nand_cmd.c:47:13:led_set_gpio_low	0	static
nand_cmd.c:66:13:led_flicker	32	static
nand_cmd.c:815:5:nand_cmd_read_id	72	static
nand_cmd.c:839:5:nand_cmd_read_flash_ecc_corrected	72	static
nand_cmd.c:870:5:nand_cmd_wait_complete	40	static
nand_cmd.c:573:5:nand_cmd_reset	64	static
nand_cmd.c:604:5:nand_cmd_read_status	80	static
nand_cmd.c:658:5:nand_cmd_write_status	64	static
nand_cmd.c:707:5:nand_cmd_read_config	72	static
nand_cmd.c:85:11:spi_nand_unlock_BP.part.4	64	static
nand_cmd.c:742:5:nand_cmd_erase_block	80	static
nand_cmd.c:129:11:spiNand_readPage	104	static
nand_cmd.c:916:11:spiflash_wait_ready	72	static
nand_cmd.c:969:11:spiflash_enable_write_latch	64	static
nand_cmd.c:948:11:spiflash_disable_write_latch	64	static
nand_cmd.c:1294:12:spiflash_page_program	96	static
nand_cmd.c:1007:5:nand_cmd_read_operation	40	static
nand_cmd.c:1024:5:nand_cmd_write_operation_single	104	static
nand_cmd.c:1032:6:nand_store_cache	0	static
nand_cmd.c:1037:6:nand_cmd_write_spare_sram	40	static
nand_cmd.c:1079:5:nand_cmd_read_page_spare_data	40	static
nand_cmd.c:1089:5:nand_cmd_read_ecc_corrected	0	static
nand_cmd.c:1122:5:nand_cmd_dummy_read	0	static
nand_cmd.c:1394:5:spinor_erase_sector	88	static
nand_cmd.c:1684:5:spinor_program_operation	64	static
nand_cmd.c:1726:5:spinor_read_status	72	static
nand_cmd.c:1136:12:spiflash_read_data	96	static
nand_cmd.c:1446:12:spinor_pio_operation	96	static
nand_cmd.c:1599:5:spinor_read_operation	72	static
nand_cmd.c:1760:5:spinor_write_status	80	static
nand_cmd.c:1812:5:spiflash_boot_detect	0	static
