nand_host.c:27:6:nand_host_setup_transfer	0	static
nand_host.c:118:6:nand_host_send_command	0	static
nand_host.c:149:5:nand_host_receive_data	0	static
nand_host.c:196:5:nand_host_transmit_data	0	static
nand_host.c:235:5:nand_host_check_ready	0	static
nand_host.c:263:6:nand_host_set_fifo_enable	0	static
nand_host.c:290:6:nand_host_set_cpu_access_err	0	static
nand_host.c:321:6:nand_host_set_cpu_access_spare	0	static
nand_host.c:353:5:nand_host_correct_reedsolomon_ecc	88	static
nand_host.c:416:5:nand_host_correct_secondary_ecc	64	static
nand_host.c:475:6:nand_dll_reset	0	static
nand_host.c:503:8:nand_hostGetMultipageSelect	0	static
nand_host.c:519:5:nand_hostSetNandType	0	static
nand_host.c:571:5:nand_hostSetupAddressCycle	0	static
nand_host.c:605:5:nand_hostSetupPageSize	0	static
nand_host.c:638:5:nand_hostSetupStatusCheckBit	0	static
nand_host.c:660:4:nand_hostSetSPIIORegister	0	static
nand_host.c:685:4:nand_hostConfigChipSelOperationMode	0	static
nand_host.c:706:4:nand_hostSetCSActive	0	static
nand_host.c:729:6:nand_host_settiming2	32	static
