mmc.c:786:13:mmc_set_ios	0	static
mmc.c:537:12:mmc_set_capacity	40	static
mmc.c:24:12:board_mmc_getwp	0	static
mmc.c:29:5:mmc_getwp	32	static
mmc.c:45:12:board_mmc_getcd	0	static
mmc.c:50:5:mmc_send_cmd	0	static
mmc.c:267:12:mmc_go_idle	72	static
mmc.c:354:12:mmc_send_op_cond_iter	40	static
mmc.c:439:12:mmc_send_ext_csd	80	static
mmc.c:108:5:mmc_send_status	88	static
mmc.c:461:12:mmc_switch.constprop	64	static
mmc.c:158:5:mmc_set_blocklen	64	static
mmc.c:172:13:find_mmc_device	32	static
mmc.c:232:14:mmc_bread	120	static
mmc.c:591:5:mmc_switch_part	40	static
mmc.c:565:5:mmc_select_hwpart	40	static
mmc.c:608:5:mmc_getcd	32	static
mmc.c:792:6:mmc_set_clock	0	static
mmc.c:825:12:mmc_startup	1360	static
mmc.c:1319:18:mmc_register	32	static
mmc.c:1327:13:mmc_create	40	static
mmc.c:1367:6:mmc_destroy	0	static
mmc.c:1384:5:mmc_start_init	96	static
mmc.c:1463:5:mmc_init	80	static
mmc.c:1374:19:mmc_get_dev	32	static
mmc.c:1484:5:mmc_set_dsr	0	static
mmc.c:1491:12:cpu_mmc_init	0	static
mmc.c:1497:12:board_mmc_init	0	static
mmc.c:1504:6:print_mmc_devices	48	static
mmc.c:1525:5:get_mmc_num	32	static
mmc.c:1531:6:mmc_set_preinit	0	static
mmc.c:1550:5:mmc_initialize	40	static
mmc.c:1689:5:mmc_dump_boot_info	584	static
