na51023_mmc.c:43:17:sdiohost_getreg	0	static
na51023_mmc.c:62:13:sdiohost_setreg	0	static
na51023_mmc.c:80:13:sdiohost_setinputdelay	40	static
na51023_mmc.c:476:12:pad_setdrivingsink	0	static
na51023_mmc.c:535:12:sdiohost_setpaddriving	40	static
na51023_mmc.c:1639:12:mmc_host_reset	0	static
na51023_mmc.c:1783:12:mmc_host_getcd	0	static
na51023_mmc.c:97:13:sdiohost_setphyclkindly.constprop	32	static
na51023_mmc.c:118:6:sdiohost_setbuswidth	0	static
na51023_mmc.c:141:6:sdiohost_enclkout	40	static
na51023_mmc.c:168:6:sdiohost_setclktype	40	static
na51023_mmc.c:192:6:sdiohost_setclkcmdtype	40	static
na51023_mmc.c:217:5:pll_get_sdioclock_rate	0	static
na51023_mmc.c:246:6:pll_set_sdioclock_rate	0	static
na51023_mmc.c:277:6:nvt_clk_set_rate	0	static
na51023_mmc.c:296:6:sdiohost_setbusclk	40	static
na51023_mmc.c:348:6:sdiohost_getrdy	32	static
na51023_mmc.c:364:6:sdiohost_reset	40	static
na51023_mmc.c:1734:13:host_set_ios	48	static
na51023_mmc.c:390:6:sdiohost_resetdata	48	static
na51023_mmc.c:457:6:sdiohost_setdatatimeout	0	static
na51023_mmc.c:798:6:sdiohost_delayd	40	static
na51023_mmc.c:813:6:sdiohost_setblksize	32	static
na51023_mmc.c:835:6:sdiohost_setupdatatransferdma	56	static
na51023_mmc.c:909:6:sdiohost_setupdatatransferpio	48	static
na51023_mmc.c:974:4:sdiohost_writeblock	72	static
na51023_mmc.c:1077:4:sdiohost_readblock	64	static
na51023_mmc.c:1164:5:sdiohost_getstatus	0	static
na51023_mmc.c:1169:6:sdiohost_setstatus	0	static
na51023_mmc.c:1190:6:sdiohost_clrfifoen	32	static
na51023_mmc.c:1199:5:sdiohost_getfifodir	32	static
na51023_mmc.c:1208:6:sdiohost_waitfifoempty	40	static
na51023_mmc.c:1224:6:sdiohost_getlongrsp	48	static
na51023_mmc.c:1242:6:sdiohost_getshortrsp	32	static
na51023_mmc.c:1428:4:sdiohost_sendcmd	64	static
na51023_mmc.c:1481:4:sdiohost_sendsdcmd	40	static
na51023_mmc.c:1552:5:mmc_nvt_start_command	0	static
na51023_mmc.c:1596:12:host_request	48	static
na51023_mmc.c:1804:5:nvt_mmc_init	48	static
